[pixydrops.com/linoorhtml/index-13.html]
[backblue.gif]
[fade.gif]
[index.html]
[pixydrops.com/linoorhtml/css/reey-font.css]
[pixydrops.com/linoorhtml/css/bootstrap.min.css]
[pixydrops.com/linoorhtml/css/fontawesome-all.css]
[pixydrops.com/linoorhtml/css/owl.css]
[pixydrops.com/linoorhtml/css/flaticon.css]
[pixydrops.com/linoorhtml/css/linoor-icons-2.css]
[pixydrops.com/linoorhtml/css/linoor-icons-3.css]
[pixydrops.com/linoorhtml/css/animate.css]
[pixydrops.com/linoorhtml/css/slick.css]
[pixydrops.com/linoorhtml/css/jquery-ui.css]
[pixydrops.com/linoorhtml/css/jquery.fancybox.min.css]
[pixydrops.com/linoorhtml/css/hover.css]
[pixydrops.com/linoorhtml/css/jarallax.css]
[pixydrops.com/linoorhtml/css/swiper.min.css]
[pixydrops.com/linoorhtml/css/custom-animate.css]
[pixydrops.com/linoorhtml/css/style.css]
[pixydrops.com/linoorhtml/css/rtl.css]
[pixydrops.com/linoorhtml/css/responsive.css]
[pixydrops.com/linoorhtml/css/colors/color-16.css]
[pixydrops.com/linoorhtml/images/favicon.png]
[pixydrops.com/linoorhtml/images/update-15-08-2024/loader-12.png]
[pixydrops.com/linoorhtml/images/icons/close-1-1.png]
[pixydrops.com/linoorhtml/index.html]
[pixydrops.com/linoorhtml/images/update-15-08-2024/logo.png]
[pixydrops.com/linoorhtml/index-main.html]
[pixydrops.com/linoorhtml/images/update-15-08-2024/home-showcase/home-12.jpg]
[pixydrops.com/linoorhtml/index-12.html]
[pixydrops.com/linoorhtml/images/update-15-08-2024/home-showcase/home-13.jpg]
[pixydrops.com/linoorhtml/images/update-18-05-2022/home-showcase/home-showcase-1-1.jpg]
[pixydrops.com/linoorhtml/index-9.html]
[pixydrops.com/linoorhtml/images/update-18-05-2022/home-showcase/home-showcase-1-2.jpg]
[pixydrops.com/linoorhtml/index-10.html]
[pixydrops.com/linoorhtml/images/update-18-05-2022/home-showcase/home-showcase-1-3.jpg]
[pixydrops.com/linoorhtml/index-11.html]
[pixydrops.com/linoorhtml/images/update-18-05-2022/home-showcase/home-showcase-1-4.jpg]
[pixydrops.com/linoorhtml/index-6.html]
[pixydrops.com/linoorhtml/index-6-one-page.html]
[pixydrops.com/linoorhtml/images/update-18-05-2022/home-showcase/home-showcase-1-5.jpg]
[pixydrops.com/linoorhtml/index-7.html]
[pixydrops.com/linoorhtml/index-7-one-page.html]
[pixydrops.com/linoorhtml/images/update-18-05-2022/home-showcase/home-showcase-1-6.jpg]
[pixydrops.com/linoorhtml/index-8.html]
[pixydrops.com/linoorhtml/index-8-one-page.html]
[pixydrops.com/linoorhtml/images/update-18-05-2022/home-showcase/home-showcase-1-7.jpg]
[pixydrops.com/linoorhtml/index-4.html]
[pixydrops.com/linoorhtml/index-4-one-page.html]
[pixydrops.com/linoorhtml/images/update-18-05-2022/home-showcase/home-showcase-1-8.jpg]
[pixydrops.com/linoorhtml/index-5.html]
[pixydrops.com/linoorhtml/images/update-18-05-2022/home-showcase/home-showcase-1-9.jpg]
[pixydrops.com/linoorhtml/index-portfolio.html]
[pixydrops.com/linoorhtml/images/update-18-05-2022/home-showcase/home-showcase-1-10.jpg]
[pixydrops.com/linoorhtml/index-parallax.html]
[pixydrops.com/linoorhtml/images/update-18-05-2022/home-showcase/home-showcase-1-11.jpg]
[pixydrops.com/linoorhtml/images/update-18-05-2022/home-showcase/home-showcase-1-12.jpg]
[pixydrops.com/linoorhtml/index-2.html]
[pixydrops.com/linoorhtml/index-2-one-page.html]
[pixydrops.com/linoorhtml/images/update-18-05-2022/home-showcase/home-showcase-1-13.jpg]
[pixydrops.com/linoorhtml/index-3.html]
[pixydrops.com/linoorhtml/index-3-one-page.html]
[pixydrops.com/linoorhtml/images/update-18-05-2022/home-showcase/home-showcase-1-14.jpg]
[pixydrops.com/linoorhtml/one-page.html]
[pixydrops.com/linoorhtml/images/update-18-05-2022/home-showcase/home-showcase-1-19.jpg]
[pixydrops.com/linoorhtml/index-dark.html]
[pixydrops.com/linoorhtml/images/update-18-05-2022/home-showcase/home-showcase-1-16.jpg]
[pixydrops.com/linoorhtml/index-boxed.html]
[pixydrops.com/linoorhtml/images/update-18-05-2022/home-showcase/home-showcase-1-17.jpg]
[pixydrops.com/linoorhtml/index-portfolio-2.html]
[pixydrops.com/linoorhtml/images/update-18-05-2022/home-showcase/home-showcase-1-18.jpg]
[pixydrops.com/linoorhtml/index-portfolio-3.html]
[pixydrops.com/linoorhtml/about.html]
[pixydrops.com/linoorhtml/about-2.html]
[pixydrops.com/linoorhtml/about-me.html]
[pixydrops.com/linoorhtml/mission.html]
[pixydrops.com/linoorhtml/history.html]
[pixydrops.com/linoorhtml/team.html]
[pixydrops.com/linoorhtml/team-2.html]
[pixydrops.com/linoorhtml/team-3.html]
[pixydrops.com/linoorhtml/process.html]
[pixydrops.com/linoorhtml/partners.html]
[pixydrops.com/linoorhtml/pricing.html]
[pixydrops.com/linoorhtml/pricing-2.html]
[pixydrops.com/linoorhtml/how-it-works.html]
[pixydrops.com/linoorhtml/coming-soon.html]
[pixydrops.com/linoorhtml/testimonials.html]
[pixydrops.com/linoorhtml/testimonials-2.html]
[pixydrops.com/linoorhtml/faqs.html]
[pixydrops.com/linoorhtml/events.html]
[pixydrops.com/linoorhtml/event-details.html]
[pixydrops.com/linoorhtml/clients.html]
[pixydrops.com/linoorhtml/not-found.html]
[pixydrops.com/linoorhtml/login.html]
[pixydrops.com/linoorhtml/register.html]
[pixydrops.com/linoorhtml/forgot-password.html]
[pixydrops.com/linoorhtml/under-construction.html]
[pixydrops.com/linoorhtml/services.html]
[pixydrops.com/linoorhtml/services-2.html]
[pixydrops.com/linoorhtml/web-development.html]
[pixydrops.com/linoorhtml/graphic-designing.html]
[pixydrops.com/linoorhtml/digital-marketing.html]
[pixydrops.com/linoorhtml/seo.html]
[pixydrops.com/linoorhtml/app-development.html]
[pixydrops.com/linoorhtml/ui-designing.html]
[pixydrops.com/linoorhtml/portfolio.html]
[pixydrops.com/linoorhtml/portfolio-2-columns.html]
[pixydrops.com/linoorhtml/portfolio-4-columns.html]
[pixydrops.com/linoorhtml/portfolio-masonary.html]
[pixydrops.com/linoorhtml/portfolio-single.html]
[pixydrops.com/linoorhtml/portfolio-single-2.html]
[pixydrops.com/linoorhtml/portfolio-single-3.html]
[pixydrops.com/linoorhtml/shop.html]
[pixydrops.com/linoorhtml/product-details.html]
[pixydrops.com/linoorhtml/cart.html]
[pixydrops.com/linoorhtml/checkout.html]
[pixydrops.com/linoorhtml/blog-grid.html]
[pixydrops.com/linoorhtml/blog.html]
[pixydrops.com/linoorhtml/blog-left.html]
[pixydrops.com/linoorhtml/blog-single.html]
[pixydrops.com/linoorhtml/contact.html]
[pixydrops.com/linoorhtml/contact-2.html]
[pixydrops.com/linoorhtml/images/update-15-08-2024/background/slider-2-1.jpg]
[pixydrops.com/linoorhtml/images/update-15-08-2024/background/layer-2-1.jpg]
[pixydrops.com/linoorhtml/images/update-15-08-2024/shapes/slider-2-shape-1.png]
[pixydrops.com/linoorhtml/images/update-15-08-2024/background/slider-2-2.jpg]
[pixydrops.com/linoorhtml/images/update-15-08-2024/background/layer-2-2.jpg]
[pixydrops.com/linoorhtml/images/update-15-08-2024/background/slider-2-3.jpg]
[pixydrops.com/linoorhtml/images/update-15-08-2024/resources/about-13-2.jpg]
[pixydrops.com/linoorhtml/images/update-15-08-2024/resources/about-13-1.jpg]
[pixydrops.com/linoorhtml/images/update-15-08-2024/shapes/service-13-shape.png]
[pixydrops.com/linoorhtml/images/update-15-08-2024/resources/service-13-1.jpg]
[pixydrops.com/linoorhtml/images/update-15-08-2024/resources/service-13-1-hover.jpg]
[pixydrops.com/linoorhtml/images/update-15-08-2024/shapes/service-13-hover-shape.png]
[pixydrops.com/linoorhtml/images/update-15-08-2024/resources/service-13-2.jpg]
[pixydrops.com/linoorhtml/images/update-15-08-2024/resources/service-13-2-hover.jpg]
[pixydrops.com/linoorhtml/images/update-15-08-2024/resources/service-13-3.jpg]
[pixydrops.com/linoorhtml/images/update-15-08-2024/resources/service-13-3-hover.jpg]
[pixydrops.com/linoorhtml/images/update-15-08-2024/resources/why-choose-image-2.png]
[pixydrops.com/linoorhtml/images/update-15-08-2024/shapes/why-choose-image-2-shape.png]
[pixydrops.com/linoorhtml/images/update-15-08-2024/resources/testimonial-image-1.jpg]
[pixydrops.com/linoorhtml/images/update-15-08-2024/resources/testimonial-image-2.jpg]
[pixydrops.com/linoorhtml/images/update-15-08-2024/resources/testimonial-12-1.jpg]
[pixydrops.com/linoorhtml/images/update-15-08-2024/resources/testimonial-12-2.jpg]
[pixydrops.com/linoorhtml/images/update-15-08-2024/resources/testimonial-12-3.jpg]
[pixydrops.com/linoorhtml/images/update-15-08-2024/portfolio/portfolio-13-1.jpg]
[pixydrops.com/linoorhtml/images/update-15-08-2024/portfolio/portfolio-13-2.jpg]
[pixydrops.com/linoorhtml/images/update-15-08-2024/portfolio/portfolio-13-3.jpg]
[pixydrops.com/linoorhtml/images/update-15-08-2024/background/facts-13-bg.jpg]
[pixydrops.com/linoorhtml/images/update-15-08-2024/resources/tab-13-1.jpg]
[pixydrops.com/linoorhtml/images/update-15-08-2024/background/cta-13-bg.jpg]
[pixydrops.com/linoorhtml/images/update-15-08-2024/shapes/cta-title-border.png]
[pixydrops.com/linoorhtml/images/update-15-08-2024/resources/cta-13-1.png]
[pixydrops.com/linoorhtml/images/update-15-08-2024/resources/cta-feature-1.jpg]
[pixydrops.com/linoorhtml/images/update-15-08-2024/resources/cta-feature-2.jpg]
[pixydrops.com/linoorhtml/images/update-15-08-2024/blog/blog-13-1.jpg]
[pixydrops.com/linoorhtml/images/update-15-08-2024/blog/blog-13-2.jpg]
[pixydrops.com/linoorhtml/images/update-15-08-2024/blog/blog-13-3.jpg]
[pixydrops.com/linoorhtml/images/update-15-08-2024/shapes/footer-12-shape.png]
[pixydrops.com/linoorhtml/images/update-15-08-2024/resources/gallery-1-1.jpg]
[pixydrops.com/linoorhtml/images/update-15-08-2024/resources/gallery-1-2.jpg]
[pixydrops.com/linoorhtml/images/update-15-08-2024/resources/gallery-1-3.jpg]
[pixydrops.com/linoorhtml/images/update-15-08-2024/resources/gallery-1-4.jpg]
[pixydrops.com/linoorhtml/js/jquery.js]
[pixydrops.com/linoorhtml/js/popper.min.js]
[pixydrops.com/linoorhtml/js/bootstrap.min.js]
[pixydrops.com/linoorhtml/js/TweenMax.js]
[pixydrops.com/linoorhtml/js/jquery-ui.js]
[pixydrops.com/linoorhtml/js/jquery.fancybox.js]
[pixydrops.com/linoorhtml/js/owl.js]
[pixydrops.com/linoorhtml/js/mixitup.js]
[pixydrops.com/linoorhtml/js/knob.js]
[pixydrops.com/linoorhtml/js/validate.js]
[pixydrops.com/linoorhtml/js/appear.js]
[pixydrops.com/linoorhtml/js/slick.min.js]
[pixydrops.com/linoorhtml/js/wow.js]
[pixydrops.com/linoorhtml/js/jQuery.style.switcher.min.js]
[cdnjs.cloudflare.com/ajax/libs/js-cookie/2.1.2/js.cookie.min.js]
[pixydrops.com/linoorhtml/js/jquery.easing.min.js]
[pixydrops.com/linoorhtml/js/jarallax.min.js]
[pixydrops.com/linoorhtml/js/swiper.min.js]
[pixydrops.com/linoorhtml/js/custom-script.js]
[pixydrops.com/linoorhtml/js/lang.js]
[translate.google.com/translate_a/elementa0d8.js]
[pixydrops.com/linoorhtml/index-13.html]
[pixydrops.com/linoorhtml/js/color-switcher.js]
[pixydrops.com/linoorhtml/fonts/reey-regular-webfont.woff2]
[pixydrops.com/linoorhtml/fonts/reey-regular-webfont.woff]
[pixydrops.com/linoorhtml/css/reey-font.css]
[pixydrops.com/linoorhtml/css/bootstrap.min.css]
[pixydrops.com/linoorhtml/fonts/fa-brands-400.eot]
[pixydrops.com/linoorhtml/fonts/fa-brands-400d41d.eot]
[pixydrops.com/linoorhtml/fonts/fa-brands-400.woff2]
[pixydrops.com/linoorhtml/fonts/fa-brands-400.woff]
[pixydrops.com/linoorhtml/fonts/fa-brands-400.ttf]
[pixydrops.com/linoorhtml/fonts/fa-brands-400.svg]
[pixydrops.com/linoorhtml/fonts/fa-regular-400.eot]
[pixydrops.com/linoorhtml/fonts/fa-regular-400d41d.eot]
[pixydrops.com/linoorhtml/fonts/fa-regular-400.woff2]
[pixydrops.com/linoorhtml/fonts/fa-regular-400.woff]
[pixydrops.com/linoorhtml/fonts/fa-regular-400.ttf]
[pixydrops.com/linoorhtml/fonts/fa-regular-400.svg]
[pixydrops.com/linoorhtml/fonts/fa-solid-900.eot]
[pixydrops.com/linoorhtml/fonts/fa-solid-900d41d.eot]
[pixydrops.com/linoorhtml/fonts/fa-solid-900.woff2]
[pixydrops.com/linoorhtml/fonts/fa-solid-900.woff]
[pixydrops.com/linoorhtml/fonts/fa-solid-900.ttf]
[pixydrops.com/linoorhtml/css/fontawesome-all.css]
[pixydrops.com/linoorhtml/fonts/fa-solid-900.svg]
[pixydrops.com/linoorhtml/css/owl.css]
[pixydrops.com/linoorhtml/fonts/Flaticon2b97.eot]
[pixydrops.com/linoorhtml/fonts/Flaticon2b97.ttf]
[pixydrops.com/linoorhtml/fonts/Flaticon2b97.woff]
[pixydrops.com/linoorhtml/css/flaticon.css]
[pixydrops.com/linoorhtml/fonts/linoor-icon-twoc6d5.eot]
[pixydrops.com/linoorhtml/fonts/Flaticon2b97.svg]
[pixydrops.com/linoorhtml/fonts/linoor-icon-twoc6d5.ttf]
[pixydrops.com/linoorhtml/fonts/linoor-icon-twoc6d5.woff]
[pixydrops.com/linoorhtml/css/linoor-icons-2.css]
[pixydrops.com/linoorhtml/fonts/linoor-icon-twoc6d5.svg]
[pixydrops.com/linoorhtml/fonts/linoor-icon-threef05f.eot]
[pixydrops.com/linoorhtml/fonts/linoor-icon-threef05f.ttf]
[pixydrops.com/linoorhtml/fonts/linoor-icon-threef05f.woff]
[pixydrops.com/linoorhtml/css/linoor-icons-3.css]
[pixydrops.com/linoorhtml/css/animate.css]
[pixydrops.com/linoorhtml/css/slick.css]
[pixydrops.com/linoorhtml/fonts/linoor-icon-threef05f.svg]
[pixydrops.com/linoorhtml/css/images/ui-icons_444444_256x240.png]
[pixydrops.com/linoorhtml/css/images/ui-icons_555555_256x240.png]
[pixydrops.com/linoorhtml/css/jquery-ui.css]
[pixydrops.com/linoorhtml/css/jquery.fancybox.min.css]
[pixydrops.com/linoorhtml/css/hover.css]
[pixydrops.com/linoorhtml/css/jarallax.css]
[pixydrops.com/linoorhtml/css/swiper.min.css]
[pixydrops.com/linoorhtml/css/custom-animate.css]
[pixydrops.com/linoorhtml/images/background/home-portfolio-bg-1-1.png]
[pixydrops.com/linoorhtml/images/icons/preloader.png]
[pixydrops.com/linoorhtml/images/update-26-02-2021/preloader-white.png]
[pixydrops.com/linoorhtml/images/icons/chat-icon.png]
[pixydrops.com/linoorhtml/images/icons/chat-icon-dark.png]
[pixydrops.com/linoorhtml/images/icons/image-bg.svg]
[pixydrops.com/linoorhtml/images/main-slider/slide-2-pattern-1.png]
[pixydrops.com/linoorhtml/images/main-slider/left-curve-line.png]
[pixydrops.com/linoorhtml/images/main-slider/right-curved-bg.png]
[pixydrops.com/linoorhtml/images/main-slider/right-white-curve.png]
[pixydrops.com/linoorhtml/images/main-slider/b-2-shape-1.png]
[pixydrops.com/linoorhtml/images/main-slider/b-2-shape-2.png]
[pixydrops.com/linoorhtml/images/main-slider/b-2-shape-3.png]
[pixydrops.com/linoorhtml/images/main-slider/b-2-shape-4.png]
[pixydrops.com/linoorhtml/images/main-slider/b-2-shape-5.png]
[pixydrops.com/linoorhtml/images/main-slider/b-2-shape-6.png]
[pixydrops.com/linoorhtml/images/main-slider/b-3-shape.png]
[pixydrops.com/linoorhtml/images/update-1-12-2020/shapes/menu-top-shadow.png]
[pixydrops.com/linoorhtml/images/background/pattern-1.png]
[pixydrops.com/linoorhtml/images/background/pattern-2.png]
[pixydrops.com/linoorhtml/images/icons/curve-down-left.png]
[pixydrops.com/linoorhtml/images/icons/call-to-shape-1.png]
[pixydrops.com/linoorhtml/images/icons/call-to-shape-2.png]
[pixydrops.com/linoorhtml/images/background/footer-bg.png]
[pixydrops.com/linoorhtml/images/icons/shape-1.png]
[pixydrops.com/linoorhtml/images/update-1-12-2020/shapes/testi-arrow-hover.png]
[pixydrops.com/linoorhtml/images/update-1-12-2020/shapes/testi-arrow.png]
[pixydrops.com/linoorhtml/images/icons/cta-bg-1-1.png]
[pixydrops.com/linoorhtml/images/background/cta-2-bg-1-1.png]
[pixydrops.com/linoorhtml/images/background/contact-bg-1-1.png]
[pixydrops.com/linoorhtml/images/background/b-shape-1.png]
[pixydrops.com/linoorhtml/images/background/b-shape-2.png]
[pixydrops.com/linoorhtml/images/background/we-do-section-bg-dark.jpg]
[pixydrops.com/linoorhtml/images/update-26-02-2021/shapes/portfolio-horizontal-arrow.png]
[pixydrops.com/linoorhtml/images/update-01-10-2021/shapes/footer-bg-1-1.png]
[pixydrops.com/linoorhtml/images/update-01-10-2021/shapes/subscribe-two-bg-1-1.png]
[pixydrops.com/linoorhtml/images/update-01-10-2021/shapes/subscribe-two-shape-1.png]
[pixydrops.com/linoorhtml/images/update-01-10-2021/shapes/pricing-2-bg-1-1.png]
[pixydrops.com/linoorhtml/images/update-01-10-2021/shapes/slide-seven-shape-1-1.png]
[pixydrops.com/linoorhtml/images/update-01-10-2021/shapes/slide-seven-shape-1-2.png]
[pixydrops.com/linoorhtml/images/update-01-10-2021/shapes/slide-seven-shape-1-3.png]
[pixydrops.com/linoorhtml/images/update-01-10-2021/shapes/slide-seven-shape-1-4.png]
[pixydrops.com/linoorhtml/images/update-01-10-2021/shapes/slide-seven-shape-1-5.png]
[pixydrops.com/linoorhtml/images/update-01-10-2021/shapes/testi-8-bg-1-1.png]
[pixydrops.com/linoorhtml/images/update-01-10-2021/shapes/menu-arrow.png]
[pixydrops.com/linoorhtml/css/style.css]
[pixydrops.com/linoorhtml/css/rtl.css]
[pixydrops.com/linoorhtml/css/responsive.css]
[pixydrops.com/linoorhtml/css/variables/index-13.css]
[pixydrops.com/linoorhtml/css/colors/color-16.css]
[pixydrops.com/linoorhtml/images/logo.png]
[pixydrops.com/linoorhtml/images/update-15-08-2024/demo/home-12.jpg]
[pixydrops.com/linoorhtml/images/update-15-08-2024/demo/home-13.jpg]
[pixydrops.com/linoorhtml/images/demo/demo-16.jpg]
[pixydrops.com/linoorhtml/images/demo/demo-17.jpg]
[pixydrops.com/linoorhtml/images/demo/demo-18.jpg]
[pixydrops.com/linoorhtml/images/demo/demo-13.jpg]
[pixydrops.com/linoorhtml/images/demo/demo-14.jpg]
[pixydrops.com/linoorhtml/images/demo/demo-15.jpg]
[pixydrops.com/linoorhtml/images/demo/demo-11.jpg]
[pixydrops.com/linoorhtml/images/demo/demo-10.jpg]
[pixydrops.com/linoorhtml/images/demo/demo-12.jpg]
[pixydrops.com/linoorhtml/images/demo/demo-9.png]
[pixydrops.com/linoorhtml/images/demo/demo-1.jpg]
[pixydrops.com/linoorhtml/images/demo/demo-2.jpg]
[pixydrops.com/linoorhtml/images/demo/demo-3.jpg]
[pixydrops.com/linoorhtml/images/demo/demo-4.jpg]
[pixydrops.com/linoorhtml/images/demo/demo-5.jpg]
[pixydrops.com/linoorhtml/images/demo/demo-6.jpg]
[pixydrops.com/linoorhtml/images/demo/demo-7.jpg]
[pixydrops.com/linoorhtml/images/demo/demo-8.jpg]
[pixydrops.com/linoorhtml/images/demo-icons/icon-1-1.jpg]
[pixydrops.com/linoorhtml/images/demo-icons/icon-1-2.jpg]
[pixydrops.com/linoorhtml/images/demo-icons/icon-1-3.jpg]
[pixydrops.com/linoorhtml/images/demo-icons/icon-1-4.jpg]
[pixydrops.com/linoorhtml/images/demo-icons/icon-1-5.jpg]
[pixydrops.com/linoorhtml/images/demo-icons/icon-1-6.jpg]
[pixydrops.com/linoorhtml/images/demo-icons/icon-1-7.jpg]
[pixydrops.com/linoorhtml/images/demo-icons/icon-1-8.jpg]
[pixydrops.com/linoorhtml/images/demo-icons/icon-1-9.jpg]
[pixydrops.com/linoorhtml/images/demo-icons/icon-1-10.jpg]
[pixydrops.com/linoorhtml/images/demo-icons/icon-1-11.jpg]
[pixydrops.com/linoorhtml/images/demo-icons/icon-1-12.jpg]
[pixydrops.com/linoorhtml/images/background/footer-bg-2.jpg]
[pixydrops.com/linoorhtml/index.html]
[pixydrops.com/linoorhtml/images/main-slider/1.jpg]
[pixydrops.com/linoorhtml/images/main-slider/2.jpg]
[pixydrops.com/linoorhtml/images/resource/featured-image-1.jpg]
[pixydrops.com/linoorhtml/images/resource/featured-image-2.jpg]
[pixydrops.com/linoorhtml/images/resource/featured-image-3.jpg]
[pixydrops.com/linoorhtml/images/resource/featured-image-4.jpg]
[pixydrops.com/linoorhtml/images/gallery/1.jpg]
[pixydrops.com/linoorhtml/images/gallery/2.jpg]
[pixydrops.com/linoorhtml/images/gallery/3.jpg]
[pixydrops.com/linoorhtml/images/gallery/4.jpg]
[pixydrops.com/linoorhtml/images/gallery/5.jpg]
[pixydrops.com/linoorhtml/images/gallery/6.jpg]
[pixydrops.com/linoorhtml/images/background/image-1.jpg]
[pixydrops.com/linoorhtml/images/resource/featured-image-5.jpg]
[pixydrops.com/linoorhtml/images/resource/team-1.jpg]
[pixydrops.com/linoorhtml/images/resource/team-2.jpg]
[pixydrops.com/linoorhtml/images/resource/team-3.jpg]
[pixydrops.com/linoorhtml/images/resource/team-4.jpg]
[pixydrops.com/linoorhtml/images/resource/team-5.jpg]
[pixydrops.com/linoorhtml/images/background/image-2.jpg]
[pixydrops.com/linoorhtml/images/clients/1.png]
[pixydrops.com/linoorhtml/images/clients/2.png]
[pixydrops.com/linoorhtml/images/clients/3.png]
[pixydrops.com/linoorhtml/images/clients/4.png]
[pixydrops.com/linoorhtml/images/clients/5.png]
[pixydrops.com/linoorhtml/images/resource/featured-image-6.jpg]
[pixydrops.com/linoorhtml/images/resource/news-1.jpg]
[pixydrops.com/linoorhtml/images/resource/news-2.jpg]
[pixydrops.com/linoorhtml/images/resource/news-3.jpg]
[pixydrops.com/linoorhtml/images/footer-logo.png]
[pixydrops.com/linoorhtml/index-main.html]
[pixydrops.com/linoorhtml/css/colors/color-15.css]
[pixydrops.com/linoorhtml/images/update-15-08-2024/background/slider-1-1.jpg]
[pixydrops.com/linoorhtml/images/update-15-08-2024/shapes/layer-bg.png]
[pixydrops.com/linoorhtml/images/update-15-08-2024/resources/layer-1.png]
[pixydrops.com/linoorhtml/images/update-15-08-2024/shapes/slider-1-shape-1.png]
[pixydrops.com/linoorhtml/images/update-15-08-2024/shapes/slider-1-shape-2.png]
[pixydrops.com/linoorhtml/images/update-15-08-2024/background/slider-1-2.jpg]
[pixydrops.com/linoorhtml/images/update-15-08-2024/resources/about-12-1.jpg]
[pixydrops.com/linoorhtml/images/update-15-08-2024/resources/about-12-2.jpg]
[pixydrops.com/linoorhtml/images/update-15-08-2024/resources/about-info.png]
[pixydrops.com/linoorhtml/images/update-15-08-2024/background/service-12-bg.jpg]
[pixydrops.com/linoorhtml/images/update-15-08-2024/resources/service-12-1.jpg]
[pixydrops.com/linoorhtml/images/update-15-08-2024/resources/service-12-2.jpg]
[pixydrops.com/linoorhtml/images/update-15-08-2024/resources/service-12-3.jpg]
[pixydrops.com/linoorhtml/images/update-15-08-2024/shapes/quote.png]
[pixydrops.com/linoorhtml/images/update-15-08-2024/shapes/why-choose-twelev-shape-bg.png]
[pixydrops.com/linoorhtml/images/update-15-08-2024/shapes/why-choose-twelev-shape-bg-2.png]
[pixydrops.com/linoorhtml/images/update-15-08-2024/resources/why-choose-image-1.png]
[pixydrops.com/linoorhtml/images/update-15-08-2024/shapes/why-choose-twelev-award.png]
[pixydrops.com/linoorhtml/images/update-15-08-2024/portfolio/portfolio-12-1.jpg]
[pixydrops.com/linoorhtml/images/update-15-08-2024/portfolio/portfolio-12-2.jpg]
[pixydrops.com/linoorhtml/images/update-15-08-2024/portfolio/portfolio-12-3.jpg]
[pixydrops.com/linoorhtml/images/update-15-08-2024/portfolio/portfolio-12-4.jpg]
[pixydrops.com/linoorhtml/images/update-15-08-2024/background/video-12-bg.jpg]
[pixydrops.com/linoorhtml/images/update-15-08-2024/shapes/video-12-bg-shape.png]
[pixydrops.com/linoorhtml/images/update-15-08-2024/background/video-12.jpg]
[pixydrops.com/linoorhtml/images/update-15-08-2024/shapes/contact-12-bg.png]
[pixydrops.com/linoorhtml/images/update-15-08-2024/resources/contact-12-bg.jpg]
[pixydrops.com/linoorhtml/images/update-15-08-2024/blog/blog-12-1.jpg]
[pixydrops.com/linoorhtml/index-12.html]
[pixydrops.com/linoorhtml/images/update-18-05-2022/loader-9.png]
[pixydrops.com/linoorhtml/images/update-18-05-2022/shapes/slider-nine-shape-1.png]
[pixydrops.com/linoorhtml/images/update-18-05-2022/resources/logo-9.png]
[pixydrops.com/linoorhtml/images/update-18-05-2022/resources/photoes-left-img-1.jpg]
[pixydrops.com/linoorhtml/images/update-18-05-2022/resources/photoes-left-img-2.jpg]
[pixydrops.com/linoorhtml/images/update-18-05-2022/resources/photoes-left-img-3.jpg]
[pixydrops.com/linoorhtml/images/update-18-05-2022/resources/photoes-middle-img-1.jpg]
[pixydrops.com/linoorhtml/images/update-18-05-2022/resources/photoes-right-img-1.jpg]
[pixydrops.com/linoorhtml/images/update-18-05-2022/resources/photoes-right-img-2.jpg]
[pixydrops.com/linoorhtml/images/update-18-05-2022/resources/photoes-right-img-3.jpg]
[pixydrops.com/linoorhtml/images/update-18-05-2022/portfolio/gallery-3-1.jpg]
[pixydrops.com/linoorhtml/images/update-18-05-2022/portfolio/gallery-3-2.jpg]
[pixydrops.com/linoorhtml/images/update-18-05-2022/portfolio/gallery-3-3.jpg]
[pixydrops.com/linoorhtml/images/update-18-05-2022/portfolio/gallery-3-4.jpg]
[pixydrops.com/linoorhtml/images/update-18-05-2022/portfolio/gallery-3-5.jpg]
[pixydrops.com/linoorhtml/images/update-18-05-2022/portfolio/gallery-3-6.jpg]
[pixydrops.com/linoorhtml/images/update-18-05-2022/resources/different-img-1.jpg]
[pixydrops.com/linoorhtml/images/update-18-05-2022/testimonial/testimonial-nine-1.jpg]
[pixydrops.com/linoorhtml/images/update-18-05-2022/testimonial/testimonial-nine-2.jpg]
[pixydrops.com/linoorhtml/images/update-18-05-2022/testimonial/testimonial-nine-3.jpg]
[pixydrops.com/linoorhtml/images/update-18-05-2022/brand/brand-5-1.png]
[pixydrops.com/linoorhtml/images/update-18-05-2022/brand/brand-5-2.png]
[pixydrops.com/linoorhtml/images/update-18-05-2022/brand/brand-5-3.png]
[pixydrops.com/linoorhtml/images/update-18-05-2022/brand/brand-5-4.png]
[pixydrops.com/linoorhtml/images/update-18-05-2022/brand/brand-5-5.png]
[pixydrops.com/linoorhtml/index-9.html]
[pixydrops.com/linoorhtml/images/update-01-10-2021/preloader-8.png]
[pixydrops.com/linoorhtml/images/update-18-05-2022/resources/logo-10.png]
[pixydrops.com/linoorhtml/images/update-18-05-2022/background/easy-design-bg-1.jpg]
[pixydrops.com/linoorhtml/images/update-18-05-2022/portfolio/portfolio-ten-1-1.jpg]
[pixydrops.com/linoorhtml/images/update-18-05-2022/portfolio/portfolio-ten-1-2.jpg]
[pixydrops.com/linoorhtml/images/update-18-05-2022/portfolio/portfolio-ten-1-3.jpg]
[pixydrops.com/linoorhtml/images/update-18-05-2022/portfolio/portfolio-ten-1-4.jpg]
[pixydrops.com/linoorhtml/images/update-18-05-2022/portfolio/portfolio-ten-1-5.jpg]
[pixydrops.com/linoorhtml/images/update-18-05-2022/portfolio/portfolio-ten-1-6.jpg]
[pixydrops.com/linoorhtml/images/update-18-05-2022/portfolio/portfolio-ten-1-7.jpg]
[pixydrops.com/linoorhtml/images/update-18-05-2022/portfolio/portfolio-ten-1-8.jpg]
[pixydrops.com/linoorhtml/images/update-18-05-2022/portfolio/portfolio-ten-1-9.jpg]
[pixydrops.com/linoorhtml/index-10.html]
[pixydrops.com/linoorhtml/images/update-18-05-2022/loader-11.png]
[pixydrops.com/linoorhtml/images/update-18-05-2022/resources/logo-11.png]
[pixydrops.com/linoorhtml/images/update-18-05-2022/resources/slider-eleven-img-1.jpg]
[pixydrops.com/linoorhtml/images/update-18-05-2022/resources/services-eleven-img-1.jpg]
[pixydrops.com/linoorhtml/images/update-18-05-2022/resources/skill-section-img-1.jpg]
[pixydrops.com/linoorhtml/images/update-18-05-2022/resources/contact-three-img-1.jpg]
[pixydrops.com/linoorhtml/index-11.html]
[pixydrops.com/linoorhtml/images/update-01-10-2021/preloader-6.png]
[pixydrops.com/linoorhtml/images/update-01-10-2021/logo-6-dark.png]
[pixydrops.com/linoorhtml/images/update-01-10-2021/slider/slider-six-1-1.jpg]
[pixydrops.com/linoorhtml/images/update-01-10-2021/slider/slider-six-1-2.jpg]
[pixydrops.com/linoorhtml/images/update-01-10-2021/resources/about-seven-1-1.jpg]
[pixydrops.com/linoorhtml/images/update-01-10-2021/resources/about-seven-1-2.jpg]
[pixydrops.com/linoorhtml/images/update-01-10-2021/services/service-1-1.jpg]
[pixydrops.com/linoorhtml/images/update-01-10-2021/services/service-1-2.jpg]
[pixydrops.com/linoorhtml/images/update-01-10-2021/services/service-1-3.jpg]
[pixydrops.com/linoorhtml/images/update-01-10-2021/project/project-1-1.jpg]
[pixydrops.com/linoorhtml/images/update-01-10-2021/project/project-1-2.jpg]
[pixydrops.com/linoorhtml/images/update-01-10-2021/project/project-1-3.jpg]
[pixydrops.com/linoorhtml/images/update-01-10-2021/project/project-1-4.jpg]
[pixydrops.com/linoorhtml/images/update-01-10-2021/resources/about-six-1-1.jpg]
[pixydrops.com/linoorhtml/images/update-01-10-2021/sponsor/sponsor-1-1.png]
[pixydrops.com/linoorhtml/images/update-01-10-2021/blog/blog-1-1.jpg]
[pixydrops.com/linoorhtml/images/update-01-10-2021/blog/blog-1-2.jpg]
[pixydrops.com/linoorhtml/images/update-01-10-2021/blog/blog-1-3.jpg]
[pixydrops.com/linoorhtml/images/update-01-10-2021/background/video-six-bg-1.jpg]
[pixydrops.com/linoorhtml/images/update-01-10-2021/logo-6-light.png]
[pixydrops.com/linoorhtml/index-6.html]
[pixydrops.com/linoorhtml/index-6-one-page.html]
[pixydrops.com/linoorhtml/images/update-01-10-2021/preloader-7.png]
[pixydrops.com/linoorhtml/images/update-01-10-2021/logo-7-dark.png]
[pixydrops.com/linoorhtml/images/update-01-10-2021/slider/slider-seven-1-1.jpg]
[pixydrops.com/linoorhtml/images/update-01-10-2021/slider/slider-seven-1-2.jpg]
[pixydrops.com/linoorhtml/images/update-01-10-2021/resources/about-nine-1-1.png]
[pixydrops.com/linoorhtml/images/update-01-10-2021/resources/about-eight-1-1.png]
[pixydrops.com/linoorhtml/images/update-01-10-2021/project/project-2-1.jpg]
[pixydrops.com/linoorhtml/images/update-01-10-2021/project/project-2-2.jpg]
[pixydrops.com/linoorhtml/images/update-01-10-2021/project/project-2-3.jpg]
[pixydrops.com/linoorhtml/images/update-01-10-2021/project/project-2-4.jpg]
[pixydrops.com/linoorhtml/images/update-01-10-2021/resources/testi-1-1.jpg]
[pixydrops.com/linoorhtml/images/update-01-10-2021/resources/testi-1-2.jpg]
[pixydrops.com/linoorhtml/images/update-01-10-2021/resources/testi-1-3.jpg]
[pixydrops.com/linoorhtml/images/update-01-10-2021/blog/blog-2-1.jpg]
[pixydrops.com/linoorhtml/images/update-01-10-2021/blog/blog-2-2.jpg]
[pixydrops.com/linoorhtml/images/update-01-10-2021/blog/blog-2-3.jpg]
[pixydrops.com/linoorhtml/images/update-01-10-2021/logo-7-light.png]
[pixydrops.com/linoorhtml/index-7.html]
[pixydrops.com/linoorhtml/index-7-one-page.html]
[pixydrops.com/linoorhtml/images/update-01-10-2021/logo-8-light.png]
[pixydrops.com/linoorhtml/images/update-01-10-2021/slider/slider-eight-1-1.jpg]
[pixydrops.com/linoorhtml/images/update-01-10-2021/slider/slider-eight-1-2.jpg]
[pixydrops.com/linoorhtml/images/update-01-10-2021/resources/about-11-1-1.jpg]
[pixydrops.com/linoorhtml/images/update-01-10-2021/resources/about-11-1-2.jpg]
[pixydrops.com/linoorhtml/images/update-01-10-2021/resources/about-11-1-3.jpg]
[pixydrops.com/linoorhtml/images/update-01-10-2021/resources/about-10-1-1.jpg]
[pixydrops.com/linoorhtml/images/update-01-10-2021/project/project-8-1.jpg]
[pixydrops.com/linoorhtml/images/update-01-10-2021/project/project-8-2.jpg]
[pixydrops.com/linoorhtml/images/update-01-10-2021/project/project-8-3.jpg]
[pixydrops.com/linoorhtml/images/update-01-10-2021/project/project-8-4.jpg]
[pixydrops.com/linoorhtml/images/update-01-10-2021/resources/testi-8-1.jpg]
[pixydrops.com/linoorhtml/images/update-01-10-2021/resources/testi-8-2.jpg]
[pixydrops.com/linoorhtml/images/update-01-10-2021/resources/testi-8-3.jpg]
[pixydrops.com/linoorhtml/images/update-01-10-2021/background/video-seven-1-1.jpg]
[pixydrops.com/linoorhtml/images/update-01-10-2021/blog/blog-8-1.jpg]
[pixydrops.com/linoorhtml/images/update-01-10-2021/blog/blog-8-2.jpg]
[pixydrops.com/linoorhtml/images/update-01-10-2021/blog/blog-8-3.jpg]
[pixydrops.com/linoorhtml/images/update-01-10-2021/sponsor/sponsor-2-1.png]
[pixydrops.com/linoorhtml/index-8.html]
[pixydrops.com/linoorhtml/index-8-one-page.html]
[pixydrops.com/linoorhtml/images/logo-3.png]
[pixydrops.com/linoorhtml/images/update-1-12-2020/slider/main-slider-1-1.jpg]
[pixydrops.com/linoorhtml/images/update-1-12-2020/slider/main-slider-1-2.jpg]
[pixydrops.com/linoorhtml/images/update-1-12-2020/resources/about-1-1.jpg]
[pixydrops.com/linoorhtml/images/update-1-12-2020/resources/signture-1-1.png]
[pixydrops.com/linoorhtml/images/update-1-12-2020/projects/project-1-1.jpg]
[pixydrops.com/linoorhtml/images/update-1-12-2020/projects/project-1-2.jpg]
[pixydrops.com/linoorhtml/images/update-1-12-2020/projects/project-1-3.jpg]
[pixydrops.com/linoorhtml/images/update-1-12-2020/projects/project-1-4.jpg]
[pixydrops.com/linoorhtml/images/update-1-12-2020/projects/project-1-5.jpg]
[pixydrops.com/linoorhtml/images/update-1-12-2020/projects/project-1-6.jpg]
[pixydrops.com/linoorhtml/images/update-1-12-2020/background/video-bg-1-1.jpg]
[pixydrops.com/linoorhtml/images/update-1-12-2020/resources/client-1.png]
[pixydrops.com/linoorhtml/images/update-1-12-2020/resources/testi-1-1.png]
[pixydrops.com/linoorhtml/images/update-1-12-2020/resources/testi-1-2.png]
[pixydrops.com/linoorhtml/images/update-1-12-2020/resources/testi-1-3.png]
[pixydrops.com/linoorhtml/images/update-1-12-2020/blog/blog-1-1.jpg]
[pixydrops.com/linoorhtml/images/update-1-12-2020/blog/blog-1-2.jpg]
[pixydrops.com/linoorhtml/images/update-1-12-2020/background/call-bg-1-1.jpg]
[pixydrops.com/linoorhtml/images/update-1-12-2020/resources/footer-1-1.png]
[pixydrops.com/linoorhtml/images/update-1-12-2020/resources/footer-1-2.png]
[pixydrops.com/linoorhtml/index-4.html]
[pixydrops.com/linoorhtml/index-4-one-page.html]
[pixydrops.com/linoorhtml/css/linoor-icons.css]
[pixydrops.com/linoorhtml/css/colors/color-8.css]
[pixydrops.com/linoorhtml/images/update-09-06-2021/logo-5.png]
[pixydrops.com/linoorhtml/images/update-09-06-2021/background/brand-bg-1-1.jpg]
[pixydrops.com/linoorhtml/images/update-09-06-2021/brand/brand-1-1.png]
[pixydrops.com/linoorhtml/images/update-09-06-2021/brand/brand-1-2.png]
[pixydrops.com/linoorhtml/images/update-09-06-2021/brand/brand-1-3.png]
[pixydrops.com/linoorhtml/images/update-09-06-2021/brand/brand-1-4.png]
[pixydrops.com/linoorhtml/images/update-09-06-2021/brand/brand-1-5.png]
[pixydrops.com/linoorhtml/images/update-09-06-2021/brand/brand-2-1.png]
[pixydrops.com/linoorhtml/images/update-09-06-2021/logo-5-light.png]
[pixydrops.com/linoorhtml/index-5.html]
[pixydrops.com/linoorhtml/images/gallery/portfolio-home-1.jpg]
[pixydrops.com/linoorhtml/images/gallery/portfolio-home-2.jpg]
[pixydrops.com/linoorhtml/images/gallery/portfolio-home-4.jpg]
[pixydrops.com/linoorhtml/images/gallery/portfolio-home-3.jpg]
[pixydrops.com/linoorhtml/images/gallery/portfolio-home-7.jpg]
[pixydrops.com/linoorhtml/images/gallery/portfolio-home-9.jpg]
[pixydrops.com/linoorhtml/images/clients/dark-1.png]
[pixydrops.com/linoorhtml/index-portfolio.html]
[pixydrops.com/linoorhtml/js/isotope.js]
[pixydrops.com/linoorhtml/images/logo-dark.png]
[pixydrops.com/linoorhtml/images/background/parallax-bg-1-1.jpg]
[pixydrops.com/linoorhtml/images/background/parallax-bg-1-2.jpg]
[pixydrops.com/linoorhtml/images/background/parallax-bg-1-3.jpg]
[pixydrops.com/linoorhtml/images/background/parallax-bg-1-4.jpg]
[pixydrops.com/linoorhtml/index-parallax.html]
[pixydrops.com/linoorhtml/images/resource/featured-image-7.jpg]
[pixydrops.com/linoorhtml/images/gallery/7.jpg]
[pixydrops.com/linoorhtml/images/gallery/8.jpg]
[pixydrops.com/linoorhtml/images/gallery/9.jpg]
[pixydrops.com/linoorhtml/images/gallery/10.jpg]
[pixydrops.com/linoorhtml/images/resource/featured-image-8.jpg]
[pixydrops.com/linoorhtml/images/resource/author-1.jpg]
[pixydrops.com/linoorhtml/images/resource/author-2.jpg]
[pixydrops.com/linoorhtml/images/resource/author-3.jpg]
[pixydrops.com/linoorhtml/images/background/image-3.jpg]
[pixydrops.com/linoorhtml/images/resource/featured-image-9.jpg]
[pixydrops.com/linoorhtml/images/resource/featured-image-10.jpg]
[pixydrops.com/linoorhtml/images/background/image-4.jpg]
[pixydrops.com/linoorhtml/images/background/image-5.jpg]
[pixydrops.com/linoorhtml/index-2.html]
[pixydrops.com/linoorhtml/index-2-one-page.html]
[pixydrops.com/linoorhtml/images/logo-2.png]
[pixydrops.com/linoorhtml/images/main-slider/banner-bg-shape-3.png]
[pixydrops.com/linoorhtml/images/main-slider/image-1.jpg]
[pixydrops.com/linoorhtml/images/resource/featured-image-11.jpg]
[pixydrops.com/linoorhtml/images/resource/featured-image-12.jpg]
[pixydrops.com/linoorhtml/images/resource/featured-image-13.jpg]
[pixydrops.com/linoorhtml/images/resource/featured-image-14.jpg]
[pixydrops.com/linoorhtml/images/background/image-6.jpg]
[pixydrops.com/linoorhtml/images/resource/featured-image-15.jpg]
[pixydrops.com/linoorhtml/index-3.html]
[pixydrops.com/linoorhtml/index-3-one-page.html]
[pixydrops.com/linoorhtml/images/main-slider/2-1.jpg]
[pixydrops.com/linoorhtml/images/main-slider/2-2.jpg]
[pixydrops.com/linoorhtml/one-page.html]
[pixydrops.com/linoorhtml/index-dark.html]
[pixydrops.com/linoorhtml/index-boxed.html]
[pixydrops.com/linoorhtml/images/update-26-02-2021/logo-horizontal-portfolio.png]
[pixydrops.com/linoorhtml/images/update-26-02-2021/shapes/portfolio-horizontal-shape-1.png]
[pixydrops.com/linoorhtml/images/update-26-02-2021/shapes/portfolio-horizontal-shape-2.png]
[pixydrops.com/linoorhtml/images/update-26-02-2021/shapes/portfolio-horizontal-shape-3.png]
[pixydrops.com/linoorhtml/images/update-26-02-2021/portfolio/portfolio-h-1.png]
[pixydrops.com/linoorhtml/images/update-26-02-2021/portfolio/portfolio-h-2.png]
[pixydrops.com/linoorhtml/images/update-26-02-2021/portfolio/portfolio-h-3.png]
[pixydrops.com/linoorhtml/images/update-26-02-2021/portfolio/portfolio-h-4.png]
[pixydrops.com/linoorhtml/index-portfolio-2.html]
[pixydrops.com/linoorhtml/images/update-09-06-2021/logo-6.png]
[pixydrops.com/linoorhtml/images/update-09-06-2021/portfolio/portfolio-1-1.jpg]
[pixydrops.com/linoorhtml/images/update-09-06-2021/portfolio/portfolio-1-2.jpg]
[pixydrops.com/linoorhtml/images/update-09-06-2021/portfolio/portfolio-1-3.jpg]
[pixydrops.com/linoorhtml/images/update-09-06-2021/portfolio/portfolio-1-4.jpg]
[pixydrops.com/linoorhtml/images/update-09-06-2021/portfolio/portfolio-1-5.jpg]
[pixydrops.com/linoorhtml/index-portfolio-3.html]
[pixydrops.com/linoorhtml/images/background/image-7.jpg]
[pixydrops.com/linoorhtml/about.html]
[pixydrops.com/linoorhtml/about-2.html]
[pixydrops.com/linoorhtml/images/update-26-02-2021/resources/about-me-1.jpg]
[pixydrops.com/linoorhtml/images/update-26-02-2021/resources/about-certificate-1.jpg]
[pixydrops.com/linoorhtml/images/update-26-02-2021/resources/about-certificate-2.jpg]
[pixydrops.com/linoorhtml/images/update-26-02-2021/resources/testimonial-1-1.jpg]
[pixydrops.com/linoorhtml/about-me.html]
[pixydrops.com/linoorhtml/images/update-26-02-2021/resources/video-2-1.jpg]
[pixydrops.com/linoorhtml/images/update-26-02-2021/resources/feature-2-1.jpg]
[pixydrops.com/linoorhtml/images/update-26-02-2021/strategy/strategy-1-1.jpg]
[pixydrops.com/linoorhtml/images/update-26-02-2021/strategy/strategy-1-2.jpg]
[pixydrops.com/linoorhtml/images/update-26-02-2021/strategy/strategy-1-3.jpg]
[pixydrops.com/linoorhtml/mission.html]
[pixydrops.com/linoorhtml/images/update-26-02-2021/resources/history-1-1.jpg]
[pixydrops.com/linoorhtml/images/update-26-02-2021/resources/history-1-2.jpg]
[pixydrops.com/linoorhtml/history.html]
[pixydrops.com/linoorhtml/images/resource/team-6.jpg]
[pixydrops.com/linoorhtml/team.html]
[pixydrops.com/linoorhtml/images/update-26-02-2021/team/team-n-1-1.jpg]
[pixydrops.com/linoorhtml/images/update-26-02-2021/team/team-n-2-2.jpg]
[pixydrops.com/linoorhtml/team-2.html]
[pixydrops.com/linoorhtml/images/update-01-10-2021/resources/team-4-1.jpg]
[pixydrops.com/linoorhtml/images/update-01-10-2021/resources/team-4-2.jpg]
[pixydrops.com/linoorhtml/images/update-01-10-2021/resources/team-4-3.jpg]
[pixydrops.com/linoorhtml/images/update-01-10-2021/resources/team-4-4.jpg]
[pixydrops.com/linoorhtml/images/update-01-10-2021/resources/team-4-5.jpg]
[pixydrops.com/linoorhtml/images/update-01-10-2021/resources/team-4-6.jpg]
[pixydrops.com/linoorhtml/images/update-01-10-2021/resources/team-4-7.jpg]
[pixydrops.com/linoorhtml/images/update-01-10-2021/resources/team-4-8.jpg]
[pixydrops.com/linoorhtml/team-3.html]
[pixydrops.com/linoorhtml/images/update-01-10-2021/resources/grow-1-1.png]
[pixydrops.com/linoorhtml/images/update-01-10-2021/resources/grow-1-2.png]
[pixydrops.com/linoorhtml/images/update-01-10-2021/resources/grow-1-3.png]
[pixydrops.com/linoorhtml/images/update-01-10-2021/resources/grow-1-4.png]
[pixydrops.com/linoorhtml/process.html]
[pixydrops.com/linoorhtml/images/update-01-10-2021/sponsor/sponsor-3-1.png]
[pixydrops.com/linoorhtml/images/update-01-10-2021/sponsor/sponsor-3-2.png]
[pixydrops.com/linoorhtml/images/update-01-10-2021/sponsor/sponsor-3-3.png]
[pixydrops.com/linoorhtml/images/update-01-10-2021/sponsor/sponsor-3-4.png]
[pixydrops.com/linoorhtml/images/update-01-10-2021/sponsor/sponsor-3-5.png]
[pixydrops.com/linoorhtml/images/update-01-10-2021/sponsor/sponsor-3-6.png]
[pixydrops.com/linoorhtml/partners.html]
[pixydrops.com/linoorhtml/pricing.html]
[pixydrops.com/linoorhtml/pricing-2.html]
[pixydrops.com/linoorhtml/images/update-26-02-2021/resources/feature-3-1.jpg]
[pixydrops.com/linoorhtml/how-it-works.html]
[pixydrops.com/linoorhtml/images/update-26-01-2021/background/coming-soon-bg-1.jpg]
[pixydrops.com/linoorhtml/coming-soon.html]
[pixydrops.com/linoorhtml/js/countdown.js]
[pixydrops.com/linoorhtml/images/resource/author-4.jpg]
[pixydrops.com/linoorhtml/images/resource/author-5.jpg]
[pixydrops.com/linoorhtml/images/resource/author-6.jpg]
[pixydrops.com/linoorhtml/testimonials.html]
[pixydrops.com/linoorhtml/testimonials-2.html]
[pixydrops.com/linoorhtml/faqs.html]
[pixydrops.com/linoorhtml/images/update-09-06-2021/events/event-1-1.jpg]
[pixydrops.com/linoorhtml/images/update-09-06-2021/events/event-1-2.jpg]
[pixydrops.com/linoorhtml/images/update-09-06-2021/events/event-1-3.jpg]
[pixydrops.com/linoorhtml/images/update-09-06-2021/events/event-1-4.jpg]
[pixydrops.com/linoorhtml/images/update-09-06-2021/events/event-1-5.jpg]
[pixydrops.com/linoorhtml/images/update-09-06-2021/events/event-1-6.jpg]
[pixydrops.com/linoorhtml/events.html]
[pixydrops.com/linoorhtml/images/update-09-06-2021/events/event-d-1.jpg]
[pixydrops.com/linoorhtml/event-details.html]
[pixydrops.com/linoorhtml/images/update-09-06-2021/brand/brand-3-1.png]
[pixydrops.com/linoorhtml/images/update-09-06-2021/brand/brand-3-2.png]
[pixydrops.com/linoorhtml/images/update-09-06-2021/brand/brand-3-3.png]
[pixydrops.com/linoorhtml/images/update-09-06-2021/brand/brand-3-4.png]
[pixydrops.com/linoorhtml/images/update-09-06-2021/brand/brand-3-5.png]
[pixydrops.com/linoorhtml/images/update-09-06-2021/brand/brand-3-6.png]
[pixydrops.com/linoorhtml/images/update-09-06-2021/brand/brand-3-7.png]
[pixydrops.com/linoorhtml/images/update-09-06-2021/brand/brand-3-8.png]
[pixydrops.com/linoorhtml/images/update-09-06-2021/brand/brand-3-9.png]
[pixydrops.com/linoorhtml/clients.html]
[pixydrops.com/linoorhtml/images/icons/404-image.png]
[pixydrops.com/linoorhtml/not-found.html]
[pixydrops.com/linoorhtml/images/update-1-12-2020/background/login-bg.jpg]
[pixydrops.com/linoorhtml/login.html]
[pixydrops.com/linoorhtml/register.html]
[pixydrops.com/linoorhtml/forgot-password.html]
[pixydrops.com/linoorhtml/images/update-01-10-2021/background/under-construction-bg-1-1.png]
[pixydrops.com/linoorhtml/under-construction.html]
[pixydrops.com/linoorhtml/services.html]
[pixydrops.com/linoorhtml/images/update-01-10-2021/services/service-9-1.jpg]
[pixydrops.com/linoorhtml/images/update-01-10-2021/services/service-9-2.jpg]
[pixydrops.com/linoorhtml/images/update-01-10-2021/services/service-9-3.jpg]
[pixydrops.com/linoorhtml/images/update-01-10-2021/services/service-9-4.jpg]
[pixydrops.com/linoorhtml/images/update-01-10-2021/services/service-9-5.jpg]
[pixydrops.com/linoorhtml/images/update-01-10-2021/services/service-9-6.jpg]
[pixydrops.com/linoorhtml/services-2.html]
[pixydrops.com/linoorhtml/images/resource/featured-image-16.jpg]
[pixydrops.com/linoorhtml/images/resource/featured-image-17.jpg]
[pixydrops.com/linoorhtml/web-development.html]
[pixydrops.com/linoorhtml/graphic-designing.html]
[pixydrops.com/linoorhtml/digital-marketing.html]
[pixydrops.com/linoorhtml/seo.html]
[pixydrops.com/linoorhtml/app-development.html]
[pixydrops.com/linoorhtml/ui-designing.html]
[pixydrops.com/linoorhtml/portfolio.html]
[pixydrops.com/linoorhtml/images/update-18-05-2022/portfolio/portfolio-three-1-1.jpg]
[pixydrops.com/linoorhtml/images/update-18-05-2022/portfolio/portfolio-three-1-2.jpg]
[pixydrops.com/linoorhtml/images/update-18-05-2022/portfolio/portfolio-three-1-3.jpg]
[pixydrops.com/linoorhtml/images/update-18-05-2022/portfolio/portfolio-three-1-4.jpg]
[pixydrops.com/linoorhtml/images/update-18-05-2022/portfolio/portfolio-three-1-5.jpg]
[pixydrops.com/linoorhtml/images/update-18-05-2022/portfolio/portfolio-three-1-6.jpg]
[pixydrops.com/linoorhtml/portfolio-2-columns.html]
[pixydrops.com/linoorhtml/images/update-18-05-2022/portfolio/portfolio-four-1-1.jpg]
[pixydrops.com/linoorhtml/images/update-18-05-2022/portfolio/portfolio-four-1-2.jpg]
[pixydrops.com/linoorhtml/images/update-18-05-2022/portfolio/portfolio-four-1-3.jpg]
[pixydrops.com/linoorhtml/images/update-18-05-2022/portfolio/portfolio-four-1-4.jpg]
[pixydrops.com/linoorhtml/images/update-18-05-2022/portfolio/portfolio-four-1-5.jpg]
[pixydrops.com/linoorhtml/images/update-18-05-2022/portfolio/portfolio-four-1-6.jpg]
[pixydrops.com/linoorhtml/images/update-18-05-2022/portfolio/portfolio-four-1-7.jpg]
[pixydrops.com/linoorhtml/images/update-18-05-2022/portfolio/portfolio-four-1-8.jpg]
[pixydrops.com/linoorhtml/portfolio-4-columns.html]
[pixydrops.com/linoorhtml/images/update-18-05-2022/portfolio/portfolio-masonary-two-1.jpg]
[pixydrops.com/linoorhtml/images/update-18-05-2022/portfolio/portfolio-masonary-two-2.jpg]
[pixydrops.com/linoorhtml/images/update-18-05-2022/portfolio/portfolio-masonary-two-3.jpg]
[pixydrops.com/linoorhtml/images/update-18-05-2022/portfolio/portfolio-masonary-two-4.jpg]
[pixydrops.com/linoorhtml/images/update-18-05-2022/portfolio/portfolio-masonary-two-5.jpg]
[pixydrops.com/linoorhtml/images/update-18-05-2022/portfolio/portfolio-masonary-two-6.jpg]
[pixydrops.com/linoorhtml/images/update-18-05-2022/portfolio/portfolio-masonary-two-7.jpg]
[pixydrops.com/linoorhtml/portfolio-masonary.html]
[pixydrops.com/linoorhtml/images/resource/featured-image-18.jpg]
[pixydrops.com/linoorhtml/images/resource/featured-image-19.jpg]
[pixydrops.com/linoorhtml/portfolio-single.html]
[pixydrops.com/linoorhtml/images/resource/featured-image-20.jpg]
[pixydrops.com/linoorhtml/portfolio-single-2.html]
[pixydrops.com/linoorhtml/images/update-26-02-2021/resources/portfolio-d-3.jpg]
[pixydrops.com/linoorhtml/images/update-26-02-2021/resources/portfolio-d-3-1.jpg]
[pixydrops.com/linoorhtml/images/update-26-02-2021/resources/portfolio-d-3-2.jpg]
[pixydrops.com/linoorhtml/images/update-26-02-2021/resources/portfolio-d-3-3.jpg]
[pixydrops.com/linoorhtml/images/update-26-02-2021/resources/portfolio-d-video-1.jpg]
[pixydrops.com/linoorhtml/portfolio-single-3.html]
[pixydrops.com/linoorhtml/css/nouislider.min.css]
[pixydrops.com/linoorhtml/css/nouislider.pips.css]
[pixydrops.com/linoorhtml/images/update-26-01-2021/shops/shop1-1.jpg]
[pixydrops.com/linoorhtml/images/update-26-01-2021/shops/shop1-2.jpg]
[pixydrops.com/linoorhtml/images/update-26-01-2021/shops/shop1-3.jpg]
[pixydrops.com/linoorhtml/images/update-26-01-2021/shops/shop1-4.jpg]
[pixydrops.com/linoorhtml/images/update-26-01-2021/shops/shop1-5.jpg]
[pixydrops.com/linoorhtml/images/update-26-01-2021/shops/shop1-6.jpg]
[pixydrops.com/linoorhtml/images/update-26-01-2021/shops/shop1-7.jpg]
[pixydrops.com/linoorhtml/images/update-26-01-2021/shops/shop1-8.jpg]
[pixydrops.com/linoorhtml/images/update-26-01-2021/shops/shop1-9.jpg]
[pixydrops.com/linoorhtml/js/wNumb.min.js]
[pixydrops.com/linoorhtml/shop.html]
[pixydrops.com/linoorhtml/js/nouislider.min.js]
[pixydrops.com/linoorhtml/images/update-26-01-2021/shops/shop-d-1.jpg]
[pixydrops.com/linoorhtml/images/resource/author-7.jpg]
[pixydrops.com/linoorhtml/images/resource/author-8.jpg]
[pixydrops.com/linoorhtml/product-details.html]
[pixydrops.com/linoorhtml/images/update-26-01-2021/shops/cart-1-1.jpg]
[pixydrops.com/linoorhtml/images/update-26-01-2021/shops/cart-1-2.jpg]
[pixydrops.com/linoorhtml/cart.html]
[pixydrops.com/linoorhtml/images/update-26-01-2021/shops/paypal-1.jpg]
[pixydrops.com/linoorhtml/checkout.html]
[pixydrops.com/linoorhtml/images/resource/news-4.jpg]
[pixydrops.com/linoorhtml/images/resource/news-5.jpg]
[pixydrops.com/linoorhtml/images/resource/news-6.jpg]
[pixydrops.com/linoorhtml/blog-grid.html]
[pixydrops.com/linoorhtml/images/resource/news-7.jpg]
[pixydrops.com/linoorhtml/images/resource/news-8.jpg]
[pixydrops.com/linoorhtml/images/resource/news-9.jpg]
[pixydrops.com/linoorhtml/images/resource/news-thumb-1.jpg]
[pixydrops.com/linoorhtml/images/resource/news-thumb-2.jpg]
[pixydrops.com/linoorhtml/images/resource/news-thumb-3.jpg]
[pixydrops.com/linoorhtml/blog.html]
[pixydrops.com/linoorhtml/blog-left.html]
[pixydrops.com/linoorhtml/blog-single.html]
[pixydrops.com/linoorhtml/contact.html]
[pixydrops.com/linoorhtml/contact-2.html]
[pixydrops.com/linoorhtml/images/update-15-08-2024/shapes/why-choose-thirteen-shape-bg.html]
[pixydrops.com/linoorhtml/portfolio-single.html.html]
[pixydrops.com/linoorhtml/fonts/fa-brands-400.svg]
[pixydrops.com/linoorhtml/fonts/fa-regular-400.svg]
[pixydrops.com/linoorhtml/fonts/fa-solid-900.svg]
[pixydrops.com/linoorhtml/css/owl.video.play.html]
[pixydrops.com/linoorhtml/fonts/Flaticon2b97.svg]
[pixydrops.com/linoorhtml/fonts/linoor-icon-twoc6d5.svg]
[pixydrops.com/linoorhtml/fonts/linoor-icon-threef05f.svg]
[pixydrops.com/linoorhtml/css/images/ui-icons_777620_256x240.html]
[pixydrops.com/linoorhtml/css/images/ui-icons_cc0000_256x240.html]
[pixydrops.com/linoorhtml/images/icons/image-bg.svg]
[pixydrops.com/linoorhtml/css/colors/color-default.css]
[pixydrops.com/linoorhtml/css/variables/index-12.css]
[pixydrops.com/linoorhtml/css/colors/color-15.css]
[pixydrops.com/linoorhtml/css/variables/index-9.css]
[pixydrops.com/linoorhtml/css/colors/color-13.css]
[pixydrops.com/linoorhtml/css/variables/index-10.css]
[pixydrops.com/linoorhtml/css/variables/index-11.css]
[pixydrops.com/linoorhtml/css/colors/color-14.css]
[pixydrops.com/linoorhtml/css/variables/index-6.css]
[pixydrops.com/linoorhtml/css/colors/color-10.css]
[pixydrops.com/linoorhtml/css/variables/index-7.css]
[pixydrops.com/linoorhtml/css/colors/color-11.css]
[pixydrops.com/linoorhtml/css/variables/index-8.css]
[pixydrops.com/linoorhtml/css/colors/color-12.css]
[pixydrops.com/linoorhtml/css/variables/index-4.css]
[pixydrops.com/images/colors/color-7/icons/preloader.png]
[pixydrops.com/linoorhtml/css/colors/color-7.css]
[pixydrops.com/linoorhtml/fonts/linoor-iconede1.eot]
[pixydrops.com/linoorhtml/fonts/linoor-iconede1.ttf]
[pixydrops.com/linoorhtml/fonts/linoor-iconede1.woff]
[pixydrops.com/linoorhtml/fonts/linoor-iconede1.svg]
[pixydrops.com/linoorhtml/css/linoor-icons.css]
[pixydrops.com/linoorhtml/css/variables/index-5.css]
[pixydrops.com/images/colors/color-8/icons/preloader.png]
[pixydrops.com/linoorhtml/css/colors/color-8.css]
[pixydrops.com/linoorhtml/css/variables/index-portfolio-3.css]
[pixydrops.com/images/colors/color-9/icons/preloader.png]
[pixydrops.com/linoorhtml/css/colors/color-9.css]
[pixydrops.com/linoorhtml/css/nouislider.min.css]
[pixydrops.com/linoorhtml/css/nouislider.pips.css]
[pixydrops.com/images/colors/color-7/icons/preloader.html]
[pixydrops.com/linoorhtml/fonts/linoor-iconede1.svg]
[pixydrops.com/images/colors/color-8/icons/preloader.html]
[pixydrops.com/images/colors/color-9/icons/preloader.html]
